===========================================================================
LOVABLE SESSION REVIVAL REPORT - 2026-09-06 21:29:51
===========================================================================
Total Attempted : 1
REVIVED (Fresh) : 0 (0.0%)
FAILED          : 1 (100.0%)
---------------------------------------------------------------------------
Session         Status     Cookies  Email                            Failure Reason / Detail
---------------------------------------------------------------------------
session-1788604939 ❌ FAILED   0        roce.sisla@gmail.com             Blocked by Lovable: 'Login denied due to suspicious activity' (IP flagged)
---------------------------------------------------------------------------

CATEGORY SUMMARY:
- Suspicious Activity (IP Block): 1
- Invalid Credentials: 0
- Other / Timeout: 0

REVIVED SESSIONS (0):
None

FAILED SESSIONS (1):
session-1788604939
===========================================================================
