===========================================================================
LOVABLE SESSION REVIVAL REPORT - 2026-09-06 21:28:19
===========================================================================
Total Attempted : 1
REVIVED (Fresh) : 1 (100.0%)
FAILED          : 0 (0.0%)
---------------------------------------------------------------------------
Session         Status     Cookies  Email                            Failure Reason / Detail
---------------------------------------------------------------------------
session-2       ✅ REVIVED  50       altonlehman16@gmail.com          Dashboard reached (https://lovable.dev/dashboard)
---------------------------------------------------------------------------

CATEGORY SUMMARY:
- Suspicious Activity (IP Block): 0
- Invalid Credentials: 0
- Other / Timeout: 0

REVIVED SESSIONS (1):
session-2

FAILED SESSIONS (0):
None
===========================================================================
