===========================================================================
LOVABLE SESSION REVIVAL REPORT - 2026-09-06 21:29:12
===========================================================================
Total Attempted : 1
REVIVED (Fresh) : 0 (0.0%)
FAILED          : 1 (100.0%)
---------------------------------------------------------------------------
Session         Status     Cookies  Email                            Failure Reason / Detail
---------------------------------------------------------------------------
session-29      ❌ FAILED   0        lawanmanu43@gmail.com            Invalid credentials (wrong password or unlinked account)
---------------------------------------------------------------------------

CATEGORY SUMMARY:
- Suspicious Activity (IP Block): 0
- Invalid Credentials: 1
- Other / Timeout: 0

REVIVED SESSIONS (0):
None

FAILED SESSIONS (1):
session-29
===========================================================================
