===========================================================================
LOVABLE SESSION REVIVAL REPORT - 2026-09-06 21:00:13
===========================================================================
Total Attempted : 1
REVIVED (Fresh) : 0 (0.0%)
FAILED          : 1 (100.0%)
---------------------------------------------------------------------------
Session         Status     Cookies  Email                            Failure Reason / Detail
---------------------------------------------------------------------------
session-7       ❌ FAILED   0        abukha090@gmail.com              Blocked by Lovable: 'Login denied due to suspicious activity' (IP flagged)
---------------------------------------------------------------------------

CATEGORY SUMMARY:
- Suspicious Activity (IP Block): 1
- Invalid Credentials: 0
- Other / Timeout: 0

REVIVED SESSIONS (0):
None

FAILED SESSIONS (1):
session-7
===========================================================================
