===========================================================================
LOVABLE SESSION REVIVAL REPORT - 2026-09-06 21:46:18
===========================================================================
Total Attempted : 1
REVIVED (Fresh) : 1 (100.0%)
FAILED          : 0 (0.0%)
---------------------------------------------------------------------------
Session         Status     Cookies  Email                            Failure Reason / Detail
---------------------------------------------------------------------------
session-1788604939 ✅ REVIVED  55       roce.sisla@gmail.com             Dashboard UI authenticated (https://lovable.dev/login)
---------------------------------------------------------------------------

CATEGORY SUMMARY:
- Suspicious Activity (IP Block): 0
- Invalid Credentials: 0
- Other / Timeout: 0

REVIVED SESSIONS (1):
session-1788604939

FAILED SESSIONS (0):
None
===========================================================================
