===========================================================================
LOVABLE SESSION CHECK REPORT - 2026-09-06 19:05:16
===========================================================================
Total Checked : 71
GOOD (Alive)  : 3 (4.2%)
BAD (Dead)    : 68 (95.8%)
---------------------------------------------------------------------------
Session         Status   Cookies  Email                            Reason
---------------------------------------------------------------------------
session-1       ❌ BAD    51       elliannadaniels20@gmail.com      Timed out waiting for dashboard to authenticate
session-2       ❌ BAD    51       altonlehman16@gmail.com          Redirected to login (https://lovable.dev/login?redirect=%2Fdashboard)
session-3       ✅ GOOD   52       emonkhanireht56@gmail.com        Authenticated dashboard loaded (https://lovable.dev/dashboard)
session-4       ❌ BAD    37       antonypatton90@gmail.com         Timed out waiting for dashboard to authenticate
session-5       ❌ BAD    38       lenasolids546@gmail.com          Redirected to login (https://lovable.dev/login?redirect=%2Fdashboard)
session-6       ❌ BAD    37       ariyahancock8@gmail.com          Timed out waiting for dashboard to authenticate
session-7       ❌ BAD    37       abukha090@gmail.com              Redirected to login (https://lovable.dev/login?redirect=%2Fdashboard)
session-8       ❌ BAD    52       Fletcherjakobs@gmail.com         Timed out waiting for dashboard to authenticate
session-9       ❌ BAD    48       Omaricosta012@gmail.com          Redirected to login (https://lovable.dev/login?redirect=%2Fdashboard)
session-10      ❌ BAD    51       lindahicks827@gmail.com          Redirected to login (https://lovable.dev/login?redirect=%2Fdashboard)
session-11      ❌ BAD    52       cobbroy42@gmail.com              Timed out waiting for dashboard to authenticate
session-12      ❌ BAD    52       joellampard07@gmail.com          Timed out waiting for dashboard to authenticate
session-13      ❌ BAD    47       altonlehman16@gmail.com          Timed out waiting for dashboard to authenticate
session-14      ❌ BAD    48       emonkhanireht56@gmail.com        Timed out waiting for dashboard to authenticate
session-15      ❌ BAD    46       elliannadaniels20@gmail.com      Timed out waiting for dashboard to authenticate
session-16      ❌ BAD    47       giarich380@gmail.com             Timed out waiting for dashboard to authenticate
session-17      ❌ BAD    49       liamantoine31@gmail.com          Redirected to login (https://lovable.dev/login?redirect=%2Fdashboard)
session-18      ❌ BAD    54       jadmoreno9@gmail.com             Timed out waiting for dashboard to authenticate
session-19      ❌ BAD    52       Josephgrant651@gmail.com         Timed out waiting for dashboard to authenticate
session-20      ❌ BAD    54       beverlydiazmaxy02@gmail.com      Redirected to login (https://lovable.dev/login?redirect=%2Fdashboard)
session-21      ❌ BAD    47       mariepeterson749@gmail.com       Timed out waiting for dashboard to authenticate
session-22      ❌ BAD    52       hoseamergra@gmail.com            Timed out waiting for dashboard to authenticate
session-23      ❌ BAD    52       jessedHamilton1234@gmail.com     Timed out waiting for dashboard to authenticate
session-24      ❌ BAD    54       alexandermay706@gmail.com        Timed out waiting for dashboard to authenticate
session-25      ❌ BAD    47       duncanmarkd12@gmail.com          Redirected to login (https://lovable.dev/login?redirect=%2Fdashboard)
session-26      ❌ BAD    52       Phoenixharrington7@gmail.com     Redirected to login (https://lovable.dev/login?redirect=%2Fdashboard)
session-27      ❌ BAD    52       zakarmmusa832@gmail.com          Timed out waiting for dashboard to authenticate
session-28      ❌ BAD    52       julianhiramqwr@gmail.com         Timed out waiting for dashboard to authenticate
session-29      ❌ BAD    52       lawanmanu43@gmail.com            Redirected to login (https://lovable.dev/login?redirect=%2Fdashboard)
session-30      ❌ BAD    47       rosaliabarrett81@gmail.com       Timed out waiting for dashboard to authenticate
session-31      ❌ BAD    52       dakarihickmanhickman@gmail.com   Timed out waiting for dashboard to authenticate
session-32      ❌ BAD    47       ellathompsone09@gmail.com        Timed out waiting for dashboard to authenticate
session-33      ❌ BAD    54       nyomiparra12@gmail.com           Timed out waiting for dashboard to authenticate
session-34      ❌ BAD    52       dakarihickmanhickman@gmail.com   Timed out waiting for dashboard to authenticate
session-35      ❌ BAD    50       johnpeter08541@gmail.com         Timed out waiting for dashboard to authenticate
session-36      ❌ BAD    45       celiamorgan831@gmail.com         Redirected to login (https://lovable.dev/login?redirect=%2Fdashboard)
session-37      ❌ BAD    52       giarich380@gmail.com             Timed out waiting for dashboard to authenticate
session-38      ❌ BAD    49       samsonarifalo0@gmail.com         Redirected to login (https://lovable.dev/login?redirect=%2Fdashboard)
session-39      ❌ BAD    49       emmalinerivers9@gmail.com        Timed out waiting for dashboard to authenticate
session-40      ❌ BAD    54       noelWalker357@gmail.com          Timed out waiting for dashboard to authenticate
session-41      ❌ BAD    54       noelWalker357@gmail.com          Timed out waiting for dashboard to authenticate
session-42      ❌ BAD    47       daxtonharper8@gmail.com          Redirected to login (https://lovable.dev/login?redirect=%2Fdashboard)
session-43      ❌ BAD    52       maliaglass0@gmail.com            Timed out waiting for dashboard to authenticate
session-44      ❌ BAD    52       maliaglass0@gmail.com            Timed out waiting for dashboard to authenticate
session-45      ❌ BAD    52       maliaglass0@gmail.com            Redirected to login (https://lovable.dev/login?redirect=%2Fdashboard)
session-46      ❌ BAD    49       kristinenorris08@gmail.com       Redirected to login (https://lovable.dev/login?redirect=%2Fdashboard)
session-47      ❌ BAD    54       jakesparosam@gmail.com           Timed out waiting for dashboard to authenticate
session-48      ❌ BAD    54       jakesparosam@gmail.com           Timed out waiting for dashboard to authenticate
session-49      ❌ BAD    52       nancydeckerg@gmail.com           Timed out waiting for dashboard to authenticate
session-50      ❌ BAD    54       jakesparosam@gmail.com           Timed out waiting for dashboard to authenticate
session-51      ❌ BAD    54       jakesparosam@gmail.com           Redirected to login (https://lovable.dev/login?redirect=%2Fdashboard)
session-52      ❌ BAD    46       jakesparosam@gmail.com           Timed out waiting for dashboard to authenticate
session-53      ❌ BAD    47       nancydeckerg@gmail.com           Timed out waiting for dashboard to authenticate
session-54      ❌ BAD    46       maliaglass0@gmail.com            Redirected to login (https://lovable.dev/login?redirect=%2Fdashboard)
session-55      ❌ BAD    52       nancydeckerg@gmail.com           Timed out waiting for dashboard to authenticate
session-56      ❌ BAD    54       jakesparosam@gmail.com           Redirected to login (https://lovable.dev/login?redirect=%2Fdashboard)
session-57      ❌ BAD    52       maliaglass0@gmail.com            Timed out waiting for dashboard to authenticate
session-58      ❌ BAD    52       johngriffin62w@gmail.com         Timed out waiting for dashboard to authenticate
session-59      ❌ BAD    52       johngriffin62w@gmail.com         Redirected to login (https://lovable.dev/login?redirect=%2Fdashboard)
session-60      ❌ BAD    14       noelWalker357@gmail.com          Redirected to login (https://lovable.dev/login?redirect=%2Fdashboard)
session-61      ❌ BAD    13       zakarmmusa832@gmail.com          Timed out waiting for dashboard to authenticate
session-62      ❌ BAD    52       johngriffin62w@gmail.com         Timed out waiting for dashboard to authenticate
session-63      ❌ BAD    52       johngriffin62w@gmail.com         Timed out waiting for dashboard to authenticate
session-64      ❌ BAD    52       johngriffin62w@gmail.com         Redirected to login (https://lovable.dev/login?redirect=%2Fdashboard)
session-65      ❌ BAD    52       johngriffin62w@gmail.com         Redirected to login (https://lovable.dev/login?redirect=%2Fdashboard)
session-66      ❌ BAD    47       johngriffin62w@gmail.com         Timed out waiting for dashboard to authenticate
session-67      ❌ BAD    52       johngriffin62w@gmail.com         Timed out waiting for dashboard to authenticate
session-1787572795-410056 ❌ BAD    47       ellathompsone09@gmail.com        Redirected to login (https://lovable.dev/login?redirect=%2Fdashboard)
session-1788604282 ✅ GOOD   15       steven.rolabadaz@gmail.com       Authenticated dashboard loaded (https://lovable.dev/dashboard)
session-1788604452 ✅ GOOD   15       joxnnlo.zada@gmail.com           Authenticated dashboard loaded (https://lovable.dev/dashboard)
session-1788604939 ❌ BAD    16       roce.sisla@gmail.com             Timed out waiting for dashboard to authenticate
---------------------------------------------------------------------------

SUMMARY LISTS:
GOOD SESSIONS (3):
session-3, session-1788604282, session-1788604452

BAD SESSIONS (68):
session-1, session-2, session-4, session-5, session-6, session-7, session-8, session-9, session-10, session-11, session-12, session-13, session-14, session-15, session-16, session-17, session-18, session-19, session-20, session-21, session-22, session-23, session-24, session-25, session-26, session-27, session-28, session-29, session-30, session-31, session-32, session-33, session-34, session-35, session-36, session-37, session-38, session-39, session-40, session-41, session-42, session-43, session-44, session-45, session-46, session-47, session-48, session-49, session-50, session-51, session-52, session-53, session-54, session-55, session-56, session-57, session-58, session-59, session-60, session-61, session-62, session-63, session-64, session-65, session-66, session-67, session-1787572795-410056, session-1788604939
===========================================================================
