===========================================================================
LOVABLE SESSION CHECK REPORT - 2026-09-06 21:23:09
===========================================================================
Total Checked : 71
GOOD (Alive)  : 35 (49.3%)
BAD (Dead)    : 36 (50.7%)
---------------------------------------------------------------------------
Session         Status   Cookies  Email                            Reason
---------------------------------------------------------------------------
session-1       ❌ BAD    51       elliannadaniels20@gmail.com      Redirected to login (https://lovable.dev/login?redirect=%2Fdashboard)
session-2       ❌ BAD    51       altonlehman16@gmail.com          Redirected to login (https://lovable.dev/login?redirect=%2Fdashboard)
session-3       ✅ GOOD   52       emonkhanireht56@gmail.com        Authenticated dashboard loaded (https://lovable.dev/dashboard)
session-4       ✅ GOOD   32       antonypatton90@gmail.com         Authenticated dashboard loaded (https://lovable.dev/dashboard)
session-5       ✅ GOOD   55       lenasolids546@gmail.com          Authenticated dashboard loaded (https://lovable.dev/dashboard)
session-6       ❌ BAD    37       ariyahancock8@gmail.com          Redirected to login (https://lovable.dev/login?redirect=%2Fdashboard)
session-7       ❌ BAD    37       abukha090@gmail.com              Redirected to login (https://lovable.dev/login?redirect=%2Fdashboard)
session-8       ✅ GOOD   55       Fletcherjakobs@gmail.com         Authenticated dashboard loaded (https://lovable.dev/dashboard)
session-9       ❌ BAD    48       Omaricosta012@gmail.com          Redirected to login (https://lovable.dev/login?redirect=%2Fdashboard)
session-10      ❌ BAD    51       lindahicks827@gmail.com          Timed out waiting for dashboard to authenticate
session-11      ✅ GOOD   24       cobbroy42@gmail.com              Authenticated dashboard loaded (https://lovable.dev/dashboard)
session-12      ✅ GOOD   14       joellampard07@gmail.com          Authenticated dashboard loaded (https://lovable.dev/dashboard)
session-13      ❌ BAD    47       altonlehman16@gmail.com          Redirected to login (https://lovable.dev/login?redirect=%2Fdashboard)
session-14      ✅ GOOD   55       emonkhanireht56@gmail.com        Authenticated dashboard loaded (https://lovable.dev/dashboard)
session-15      ❌ BAD    46       elliannadaniels20@gmail.com      Redirected to login (https://lovable.dev/login?redirect=%2Fdashboard)
session-16      ❌ BAD    47       giarich380@gmail.com             Redirected to login (https://lovable.dev/login?redirect=%2Fdashboard)
session-17      ✅ GOOD   14       liamantoine31@gmail.com          Authenticated dashboard loaded (https://lovable.dev/dashboard)
session-18      ❌ BAD    54       jadmoreno9@gmail.com             Redirected to login (https://lovable.dev/login?redirect=%2Fdashboard)
session-19      ✅ GOOD   55       Josephgrant651@gmail.com         Authenticated dashboard loaded (https://lovable.dev/dashboard)
session-20      ✅ GOOD   54       beverlydiazmaxy02@gmail.com      Authenticated dashboard loaded (https://lovable.dev/dashboard)
session-21      ✅ GOOD   55       mariepeterson749@gmail.com       Authenticated dashboard loaded (https://lovable.dev/dashboard)
session-22      ❌ BAD    52       hoseamergra@gmail.com            Redirected to login (https://lovable.dev/login?redirect=%2Fdashboard)
session-23      ❌ BAD    52       jessedHamilton1234@gmail.com     Redirected to login (https://lovable.dev/login?redirect=%2Fdashboard)
session-24      ✅ GOOD   57       alexandermay706@gmail.com        Authenticated dashboard loaded (https://lovable.dev/dashboard)
session-25      ❌ BAD    47       duncanmarkd12@gmail.com          Redirected to login (https://lovable.dev/login?redirect=%2Fdashboard)
session-26      ❌ BAD    52       Phoenixharrington7@gmail.com     Redirected to login (https://lovable.dev/login?redirect=%2Fdashboard)
session-27      ✅ GOOD   55       zakarmmusa832@gmail.com          Authenticated dashboard loaded (https://lovable.dev/dashboard)
session-28      ✅ GOOD   14       julianhiramqwr@gmail.com         Authenticated dashboard loaded (https://lovable.dev/dashboard)
session-29      ❌ BAD    52       lawanmanu43@gmail.com            Redirected to login (https://lovable.dev/login?redirect=%2Fdashboard)
session-30      ✅ GOOD   54       rosaliabarrett81@gmail.com       Authenticated dashboard loaded (https://lovable.dev/dashboard)
session-31      ✅ GOOD   51       dakarihickmanhickman@gmail.com   Authenticated dashboard loaded (https://lovable.dev/dashboard)
session-32      ❌ BAD    47       ellathompsone09@gmail.com        Redirected to login (https://lovable.dev/login?redirect=%2Fdashboard)
session-33      ✅ GOOD   57       nyomiparra12@gmail.com           Authenticated dashboard loaded (https://lovable.dev/dashboard)
session-34      ✅ GOOD   11       dakarihickmanhickman@gmail.com   Authenticated dashboard loaded (https://lovable.dev/dashboard)
session-35      ✅ GOOD   55       johnpeter08541@gmail.com         Authenticated dashboard loaded (https://lovable.dev/dashboard)
session-36      ❌ BAD    45       celiamorgan831@gmail.com         Redirected to login (https://lovable.dev/login?redirect=%2Fdashboard)
session-37      ❌ BAD    52       giarich380@gmail.com             Redirected to login (https://lovable.dev/login?redirect=%2Fdashboard)
session-38      ✅ GOOD   55       samsonarifalo0@gmail.com         Authenticated dashboard loaded (https://lovable.dev/dashboard)
session-39      ✅ GOOD   55       emmalinerivers9@gmail.com        Authenticated dashboard loaded (https://lovable.dev/dashboard)
session-40      ❌ BAD    54       noelWalker357@gmail.com          Redirected to login (https://lovable.dev/login?redirect=%2Fdashboard)
session-41      ❌ BAD    54       noelWalker357@gmail.com          Redirected to login (https://lovable.dev/login?redirect=%2Fdashboard)
session-42      ✅ GOOD   55       daxtonharper8@gmail.com          Authenticated dashboard loaded (https://lovable.dev/dashboard)
session-43      ❌ BAD    52       maliaglass0@gmail.com            Redirected to login (https://lovable.dev/login?redirect=%2Fdashboard)
session-44      ❌ BAD    52       maliaglass0@gmail.com            Redirected to login (https://lovable.dev/login?redirect=%2Fdashboard)
session-45      ❌ BAD    52       maliaglass0@gmail.com            Redirected to login (https://lovable.dev/login?redirect=%2Fdashboard)
session-46      ✅ GOOD   55       kristinenorris08@gmail.com       Authenticated dashboard loaded (https://lovable.dev/dashboard)
session-47      ❌ BAD    54       jakesparosam@gmail.com           Redirected to login (https://lovable.dev/login?redirect=%2Fdashboard)
session-48      ✅ GOOD   57       jakesparosam@gmail.com           Authenticated dashboard loaded (https://lovable.dev/dashboard)
session-49      ❌ BAD    52       nancydeckerg@gmail.com           Redirected to login (https://lovable.dev/login?redirect=%2Fdashboard)
session-50      ✅ GOOD   57       jakesparosam@gmail.com           Authenticated dashboard loaded (https://lovable.dev/dashboard)
session-51      ❌ BAD    54       jakesparosam@gmail.com           Redirected to login (https://lovable.dev/login?redirect=%2Fdashboard)
session-52      ✅ GOOD   57       jakesparosam@gmail.com           Authenticated dashboard loaded (https://lovable.dev/dashboard)
session-53      ❌ BAD    47       nancydeckerg@gmail.com           Redirected to login (https://lovable.dev/login?redirect=%2Fdashboard)
session-54      ❌ BAD    46       maliaglass0@gmail.com            Redirected to login (https://lovable.dev/login?redirect=%2Fdashboard)
session-55      ❌ BAD    52       nancydeckerg@gmail.com           Redirected to login (https://lovable.dev/login?redirect=%2Fdashboard)
session-56      ✅ GOOD   14       jakesparosam@gmail.com           Authenticated dashboard loaded (https://lovable.dev/dashboard)
session-57      ❌ BAD    52       maliaglass0@gmail.com            Redirected to login (https://lovable.dev/login?redirect=%2Fdashboard)
session-58      ✅ GOOD   50       johngriffin62w@gmail.com         Authenticated dashboard loaded (https://lovable.dev/dashboard)
session-59      ❌ BAD    52       johngriffin62w@gmail.com         Redirected to login (https://lovable.dev/login?redirect=%2Fdashboard)
session-60      ❌ BAD    14       noelWalker357@gmail.com          Redirected to login (https://lovable.dev/login?redirect=%2Fdashboard)
session-61      ✅ GOOD   55       zakarmmusa832@gmail.com          Authenticated dashboard loaded (https://lovable.dev/dashboard)
session-62      ❌ BAD    52       johngriffin62w@gmail.com         Redirected to login (https://lovable.dev/login?redirect=%2Fdashboard)
session-63      ✅ GOOD   55       johngriffin62w@gmail.com         Authenticated dashboard loaded (https://lovable.dev/dashboard)
session-64      ❌ BAD    52       johngriffin62w@gmail.com         Redirected to login (https://lovable.dev/login?redirect=%2Fdashboard)
session-65      ❌ BAD    52       johngriffin62w@gmail.com         Redirected to login (https://lovable.dev/login?redirect=%2Fdashboard)
session-66      ✅ GOOD   55       johngriffin62w@gmail.com         Authenticated dashboard loaded (https://lovable.dev/dashboard)
session-67      ✅ GOOD   55       johngriffin62w@gmail.com         Authenticated dashboard loaded (https://lovable.dev/dashboard)
session-1787572795-410056 ❌ BAD    47       ellathompsone09@gmail.com        Redirected to login (https://lovable.dev/login?redirect=%2Fdashboard)
session-1788604282 ✅ GOOD   15       steven.rolabadaz@gmail.com       Authenticated dashboard loaded (https://lovable.dev/dashboard)
session-1788604452 ✅ GOOD   15       joxnnlo.zada@gmail.com           Authenticated dashboard loaded (https://lovable.dev/dashboard)
session-1788604939 ✅ GOOD   16       roce.sisla@gmail.com             Authenticated dashboard loaded (https://lovable.dev/dashboard)
---------------------------------------------------------------------------

SUMMARY LISTS:
GOOD SESSIONS (35):
session-3, session-4, session-5, session-8, session-11, session-12, session-14, session-17, session-19, session-20, session-21, session-24, session-27, session-28, session-30, session-31, session-33, session-34, session-35, session-38, session-39, session-42, session-46, session-48, session-50, session-52, session-56, session-58, session-61, session-63, session-66, session-67, session-1788604282, session-1788604452, session-1788604939

BAD SESSIONS (36):
session-1, session-2, session-6, session-7, session-9, session-10, session-13, session-15, session-16, session-18, session-22, session-23, session-25, session-26, session-29, session-32, session-36, session-37, session-40, session-41, session-43, session-44, session-45, session-47, session-49, session-51, session-53, session-54, session-55, session-57, session-59, session-60, session-62, session-64, session-65, session-1787572795-410056
===========================================================================
